// Jest Snapshot v1, https://goo.gl/fbAQLP

exports[`Create Account Form should match snapshot 1`] = `
<div
  className="wrapper"
>
  <form
    className="form"
    onSubmit={[Function]}
  >
    <h1>
      Create Account
    </h1>
    <fieldset
      className="fieldset"
    >
      <label
        htmlFor="firstName"
      >
        <p>
          First Name
        </p>
        <div
          className="MuiFormControl-root MuiTextField-root input"
        >
          <div
            className="MuiInputBase-root MuiOutlinedInput-root MuiInputBase-formControl"
            onClick={[Function]}
          >
            <input
              aria-invalid={false}
              autoFocus={false}
              className="MuiInputBase-input MuiOutlinedInput-input"
              data-testid="firstName"
              disabled={false}
              id="firstName"
              name="firstName"
              onAnimationStart={[Function]}
              onBlur={[Function]}
              onChange={[Function]}
              onFocus={[Function]}
              required={false}
              type="text"
              value=""
            />
            <fieldset
              aria-hidden={true}
              className="PrivateNotchedOutline-root-1 MuiOutlinedInput-notchedOutline"
              style={
                Object {
                  "paddingLeft": 8,
                }
              }
            >
              <legend
                className="PrivateNotchedOutline-legend-2"
                style={
                  Object {
                    "width": 0.01,
                  }
                }
              >
                <span
                  dangerouslySetInnerHTML={
                    Object {
                      "__html": "&#8203;",
                    }
                  }
                />
              </legend>
            </fieldset>
          </div>
        </div>
      </label>
    </fieldset>
    <fieldset
      className="fieldset"
    >
      <label
        htmlFor="lastName"
      >
        <p>
          Last Name
        </p>
        <div
          className="MuiFormControl-root MuiTextField-root input"
        >
          <div
            className="MuiInputBase-root MuiOutlinedInput-root MuiInputBase-formControl"
            onClick={[Function]}
          >
            <input
              aria-invalid={false}
              autoFocus={false}
              className="MuiInputBase-input MuiOutlinedInput-input"
              data-testid="lastName"
              disabled={false}
              id="lastName"
              name="lastName"
              onAnimationStart={[Function]}
              onBlur={[Function]}
              onChange={[Function]}
              onFocus={[Function]}
              required={false}
              type="text"
              value=""
            />
            <fieldset
              aria-hidden={true}
              className="PrivateNotchedOutline-root-1 MuiOutlinedInput-notchedOutline"
              style={
                Object {
                  "paddingLeft": 8,
                }
              }
            >
              <legend
                className="PrivateNotchedOutline-legend-2"
                style={
                  Object {
                    "width": 0.01,
                  }
                }
              >
                <span
                  dangerouslySetInnerHTML={
                    Object {
                      "__html": "&#8203;",
                    }
                  }
                />
              </legend>
            </fieldset>
          </div>
        </div>
      </label>
    </fieldset>
    <fieldset
      className="fieldset"
    >
      <label
        htmlFor="email"
      >
        <p>
          Email
        </p>
        <div
          className="MuiFormControl-root MuiTextField-root input"
        >
          <div
            className="MuiInputBase-root MuiOutlinedInput-root MuiInputBase-formControl"
            onClick={[Function]}
          >
            <input
              aria-invalid={false}
              autoFocus={false}
              className="MuiInputBase-input MuiOutlinedInput-input"
              data-testid="email"
              disabled={false}
              id="email"
              name="email"
              onAnimationStart={[Function]}
              onBlur={[Function]}
              onChange={[Function]}
              onFocus={[Function]}
              required={false}
              type="email"
              value=""
            />
            <fieldset
              aria-hidden={true}
              className="PrivateNotchedOutline-root-1 MuiOutlinedInput-notchedOutline"
              style={
                Object {
                  "paddingLeft": 8,
                }
              }
            >
              <legend
                className="PrivateNotchedOutline-legend-2"
                style={
                  Object {
                    "width": 0.01,
                  }
                }
              >
                <span
                  dangerouslySetInnerHTML={
                    Object {
                      "__html": "&#8203;",
                    }
                  }
                />
              </legend>
            </fieldset>
          </div>
        </div>
      </label>
    </fieldset>
    <fieldset
      className="fieldset"
    >
      <label
        htmlFor="password"
      >
        <p>
          Password
        </p>
        <div
          className="MuiFormControl-root MuiTextField-root input"
        >
          <div
            className="MuiInputBase-root MuiOutlinedInput-root MuiInputBase-formControl"
            onClick={[Function]}
          >
            <input
              aria-invalid={false}
              autoFocus={false}
              className="MuiInputBase-input MuiOutlinedInput-input"
              data-testid="password"
              disabled={false}
              id="password"
              name="password"
              onAnimationStart={[Function]}
              onBlur={[Function]}
              onChange={[Function]}
              onFocus={[Function]}
              required={false}
              type="password"
              value=""
            />
            <fieldset
              aria-hidden={true}
              className="PrivateNotchedOutline-root-1 MuiOutlinedInput-notchedOutline"
              style={
                Object {
                  "paddingLeft": 8,
                }
              }
            >
              <legend
                className="PrivateNotchedOutline-legend-2"
                style={
                  Object {
                    "width": 0.01,
                  }
                }
              >
                <span
                  dangerouslySetInnerHTML={
                    Object {
                      "__html": "&#8203;",
                    }
                  }
                />
              </legend>
            </fieldset>
          </div>
        </div>
      </label>
    </fieldset>
    <fieldset
      className="fieldset"
    >
      <label
        htmlFor="country"
      >
        <p>
          Country
        </p>
        <div
          className="MuiInputBase-root MuiOutlinedInput-root input"
          onClick={[Function]}
        >
          <div
            aria-haspopup="listbox"
            aria-labelledby="country"
            className="MuiSelect-root MuiSelect-select MuiSelect-selectMenu MuiSelect-outlined MuiInputBase-input MuiOutlinedInput-input"
            id="country"
            onBlur={[Function]}
            onFocus={[Function]}
            onKeyDown={[Function]}
            onMouseDown={[Function]}
            role="button"
            tabIndex={0}
          >
            <span
              dangerouslySetInnerHTML={
                Object {
                  "__html": "&#8203;",
                }
              }
            />
          </div>
          <input
            aria-hidden={true}
            className="MuiSelect-nativeInput"
            data-testid="country"
            name="country"
            onAnimationStart={[Function]}
            onChange={[Function]}
            tabIndex={-1}
            value=""
          />
          <svg
            aria-hidden={true}
            className="MuiSvgIcon-root MuiSelect-icon MuiSelect-iconOutlined"
            focusable="false"
            viewBox="0 0 24 24"
          >
            <path
              d="M7 10l5 5 5-5z"
            />
          </svg>
          <fieldset
            aria-hidden={true}
            className="PrivateNotchedOutline-root-1 MuiOutlinedInput-notchedOutline"
          >
            <legend
              className="PrivateNotchedOutline-legendLabelled-3"
            >
              <span>
                Country
              </span>
            </legend>
          </fieldset>
        </div>
      </label>
    </fieldset>
    <fieldset
      className="fieldset"
    >
      <label
        htmlFor="terms"
      >
        <label
          className="MuiFormControlLabel-root"
        >
          <span
            aria-disabled={false}
            className="MuiButtonBase-root MuiIconButton-root PrivateSwitchBase-root-5 MuiCheckbox-root MuiCheckbox-colorPrimary MuiIconButton-colorPrimary"
            data-testid="terms"
            onBlur={[Function]}
            onDragLeave={[Function]}
            onFocus={[Function]}
            onKeyDown={[Function]}
            onKeyUp={[Function]}
            onMouseDown={[Function]}
            onMouseLeave={[Function]}
            onMouseUp={[Function]}
            onTouchEnd={[Function]}
            onTouchMove={[Function]}
            onTouchStart={[Function]}
            tabIndex={null}
          >
            <span
              className="MuiIconButton-label"
            >
              <input
                checked={false}
                className="PrivateSwitchBase-input-8"
                data-indeterminate={false}
                id="terms"
                name="terms"
                onChange={[Function]}
                type="checkbox"
              />
              <svg
                aria-hidden={true}
                className="MuiSvgIcon-root"
                focusable="false"
                viewBox="0 0 24 24"
              >
                <path
                  d="M19 5v14H5V5h14m0-2H5c-1.1 0-2 .9-2 2v14c0 1.1.9 2 2 2h14c1.1 0 2-.9 2-2V5c0-1.1-.9-2-2-2z"
                />
              </svg>
            </span>
          </span>
          <span
            className="MuiTypography-root MuiFormControlLabel-label MuiTypography-body1"
          >
            I accept the terms of the service Wrap
          </span>
        </label>
      </label>
    </fieldset>
    <button
      className="MuiButtonBase-root MuiButton-root MuiButton-contained input MuiButton-containedPrimary"
      data-testid="submitButton"
      disabled={false}
      onBlur={[Function]}
      onDragLeave={[Function]}
      onFocus={[Function]}
      onKeyDown={[Function]}
      onKeyUp={[Function]}
      onMouseDown={[Function]}
      onMouseLeave={[Function]}
      onMouseUp={[Function]}
      onTouchEnd={[Function]}
      onTouchMove={[Function]}
      onTouchStart={[Function]}
      tabIndex={0}
      type="submit"
    >
      <span
        className="MuiButton-label"
      >
        Submit
      </span>
    </button>
  </form>
</div>
`;
